
elastix is started at Thu Sep 10 20:56:23 2026.

which elastix:   elastix
elastix runs at: user-System-Product-Name
  Linux 5.15.0-116-generic (x64), #126~20.04.1-Ubuntu SMP Mon Jul 1 15:40:07 UTC 2024
  with 128618 MB memory, and 16 cores @ 3400 MHz.
-------------------------------------------------------------------------

Running elastix with parameter file 0: "./parameters_Rigid.txt".

Current time: Thu Sep 10 20:56:23 2026.
Reading the elastix parameters from file ...

Installing all components.
InstallingComponents was successful.

ELASTIX version: 5.000
Command line options from ElastixBase:
-f        ./temp_folder_1/fixed_image.nii.gz
-m        ./temp_folder_1/moving_image.nii.gz
-fMask    unspecified, so no fixed mask used
-mMask    unspecified, so no moving mask used
-out      temp_folder_1/
-p        ./parameters_Rigid.txt
-threads  unspecified, so all available threads are used
Command line options from TransformBase:
-t0       unspecified, so no initial transform used

=============== start of ParameterFile: ./parameters_Rigid.txt ===============
// Example parameter file for rotation registration
// C-style comments: //

// The internal pixel type, used for internal computations
// Leave to float in general. 
// NB: this is not the type of the input images! The pixel 
// type of the input images is automatically read from the 
// images themselves.
// This setting can be changed to "short" to save some memory
// in case of very large 3D images.
(FixedInternalImagePixelType "float")
(MovingInternalImagePixelType "float")

// The dimensions of the fixed and moving image
// NB: This has to be specified by the user. The dimension of
// the images is currently NOT read from the images.
// Also note that some other settings may have to specified
// for each dimension separately.
(FixedImageDimension 3)
(MovingImageDimension 3)

// Specify whether you want to take into account the so-called
// direction cosines of the images. Recommended: true.
// In some cases, the direction cosines of the image are corrupt,
// due to image format conversions for example. In that case, you 
// may want to set this option to "false".
(UseDirectionCosines "true")

// **************** Main Components **************************

// The following components should usually be left as they are:
(Registration "MultiResolutionRegistration")
(Interpolator "BSplineInterpolator")
(ResampleInterpolator "FinalBSplineInterpolator")
(Resampler "DefaultResampler")

// These may be changed to Fixed/MovingSmoothingImagePyramid.
// See the manual.
(FixedImagePyramid "FixedRecursiveImagePyramid")
(MovingImagePyramid "MovingRecursiveImagePyramid")

// The following components are most important:
// The optimizer AdaptiveStochasticGradientDescent (ASGD) works
// quite ok in general. The Transform and Metric are important
// and need to be chosen careful for each application. See manual.
(Optimizer "AdaptiveStochasticGradientDescent")
	   (Transform "EulerTransform")
(Metric "AdvancedMattesMutualInformation")

// ***************** Transformation **************************

// Scales the rotations compared to the translations, to make
// sure they are in the same range. In general, it's best to  
// use automatic scales estimation:
(AutomaticScalesEstimation "true")

// Automatically guess an initial translation by aligning the
// geometric centers of the fixed and moving.
(AutomaticTransformInitialization "true")

// Whether transforms are combined by composition or by addition.
// In generally, Compose is the best option in most cases.
// It does not influence the results very much.
(HowToCombineTransforms "Compose")

// ******************* Similarity measure *********************

// Number of grey level bins in each resolution level,
// for the mutual information. 16 or 32 usually works fine.
// You could also employ a hierarchical strategy:
//(NumberOfHistogramBins 16 32 64)
(NumberOfHistogramBins 32)

// If you use a mask, this option is important. 
// If the mask serves as region of interest, set it to false.
// If the mask indicates which pixels are valid, then set it to true.
// If you do not use a mask, the option doesn't matter.
(ErodeMask "false")

// ******************** Multiresolution **********************

// The number of resolutions. 1 Is only enough if the expected
// deformations are small. 3 or 4 mostly works fine. For large
// images and large deformations, 5 or 6 may even be useful.
(NumberOfResolutions 3)

// The downsampling/blurring factors for the image pyramids.
// By default, the images are downsampled by a factor of 2
// compared to the next resolution.
// So, in 2D, with 4 resolutions, the following schedule is used:
//(ImagePyramidSchedule 8 8  4 4  2 2  1 1 )
// And in 3D:
//(ImagePyramidSchedule 8 8 8  4 4 4  2 2 2  1 1 1 )
// You can specify any schedule, for example:
//(ImagePyramidSchedule 4 4  4 3  2 1  1 1 )
// Make sure that the number of elements equals the number
// of resolutions times the image dimension.

// ******************* Optimizer ****************************

// Maximum number of iterations in each resolution level:
// 200-500 works usually fine for rigid registration.
// For more robustness, you may increase this to 1000-2000.
(MaximumNumberOfIterations 250)

// The step size of the optimizer, in mm. By default the voxel size is used.
// which usually works well. In case of unusual high-resolution images
// (eg histology) it is necessary to increase this value a bit, to the size
// of the "smallest visible structure" in the image:
//(MaximumStepLength 1.0)

// **************** Image sampling **********************

// Number of spatial samples used to compute the mutual
// information (and its derivative) in each iteration.
// With an AdaptiveStochasticGradientDescent optimizer,
// in combination with the two options below, around 2000
// samples may already suffice.
(NumberOfSpatialSamples 2048)

// Refresh these spatial samples in every iteration, and select
// them randomly. See the manual for information on other sampling
// strategies.
(NewSamplesEveryIteration "true")
(ImageSampler "Random")

// ************* Interpolation and Resampling ****************

// Order of B-Spline interpolation used during registration/optimisation.
// It may improve accuracy if you set this to 3. Never use 0.
// An order of 1 gives linear interpolation. This is in most 
// applications a good choice.
(BSplineInterpolationOrder 1)

// Order of B-Spline interpolation used for applying the final
// deformation.
// 3 gives good accuracy; recommended in most cases.
// 1 gives worse accuracy (linear interpolation)
// 0 gives worst accuracy, but is appropriate for binary images
// (masks, segmentations); equivalent to nearest neighbor interpolation.
(FinalBSplineInterpolationOrder 4)

//Default pixel value for pixels that come from outside the picture:
(DefaultPixelValue 0)

// Choose whether to generate the deformed moving image.
// You can save some time by setting this to false, if you are
// only interested in the final (nonrigidly) deformed moving image
// for example.
(WriteResultImage "true")

// The pixel type and format of the resulting deformed moving image
(ResultImagePixelType "short")
//(ResultImageFormat "mhd")
(ResultImageFormat "nii.gz")




=============== end of ParameterFile: ./parameters_Rigid.txt ===============


Reading images...
Reading images took 410 ms.

WARNING: the fixed pyramid schedule is not fully specified!
  A default pyramid schedule is used.
WARNING: the moving pyramid schedule is not fully specified!
  A default pyramid schedule is used.
WARNING: The parameter "AutomaticTransformInitializationMethod", requested at entry number 0, does not exist at all.
  The default value "GeometricalCenter" is used instead.
Transform parameters are initialized as: [0, 0, 0, 0, 0, 0]
Scales are estimated automatically.
Scales for transform parameters are: [29100.5, 15185.5, 15185.5, 1, 1, 1]
Initialization of all components (before registration) took: 4 ms.
Preparation of the image pyramids took: 101 ms.

Resolution: 0
WARNING: The parameter "ShowExactMetricValue", requested at entry number 0, does not exist at all.
  The default value "false" is used instead.
WARNING: The parameter "CheckNumberOfSamples", requested at entry number 0, does not exist at all.
  The default value "true" is used instead.
WARNING: The parameter "UseMultiThreadingForMetrics", requested at entry number 0, does not exist at all.
  The default value "true" is used instead.
Setting the fixed masks took: 0 ms.
Setting the moving masks took: 0 ms.
WARNING: The parameter "NumberOfFixedHistogramBins", requested at entry number 0, does not exist at all.
  The default value "32" is used instead.
WARNING: The parameter "NumberOfMovingHistogramBins", requested at entry number 0, does not exist at all.
  The default value "32" is used instead.
WARNING: The parameter "FixedLimitRangeRatio", requested at entry number 0, does not exist at all.
  The default value "0.01" is used instead.
WARNING: The parameter "MovingLimitRangeRatio", requested at entry number 0, does not exist at all.
  The default value "0.01" is used instead.
WARNING: The parameter "FixedKernelBSplineOrder", requested at entry number 0, does not exist at all.
  The default value "0" is used instead.
WARNING: The parameter "MovingKernelBSplineOrder", requested at entry number 0, does not exist at all.
  The default value "3" is used instead.
WARNING: The parameter "UseFastAndLowMemoryVersion", requested at entry number 0, does not exist at all.
  The default value "true" is used instead.
WARNING: The parameter "UseJacobianPreconditioning", requested at entry number 0, does not exist at all.
  The default value "false" is used instead.
WARNING: The parameter "FiniteDifferenceDerivative", requested at entry number 0, does not exist at all.
  The default value "false" is used instead.
WARNING: The parameter "SP_A", requested at entry number 0, does not exist at all.
  The default value "20" is used instead.
WARNING: The parameter "MaximumNumberOfSamplingAttempts", requested at entry number 0, does not exist at all.
  The default value "0" is used instead.
WARNING: The parameter "SigmoidInitialTime", requested at entry number 0, does not exist at all.
  The default value "0" is used instead.
WARNING: The parameter "MaxBandCovSize", requested at entry number 0, does not exist at all.
  The default value "192" is used instead.
WARNING: The parameter "NumberOfBandStructureSamples", requested at entry number 0, does not exist at all.
  The default value "10" is used instead.
WARNING: The parameter "UseAdaptiveStepSizes", requested at entry number 0, does not exist at all.
  The default value "true" is used instead.
WARNING: The parameter "AutomaticParameterEstimation", requested at entry number 0, does not exist at all.
  The default value "true" is used instead.
WARNING: The parameter "UseConstantStep", requested at entry number 0, does not exist at all.
  The default value "false" is used instead.
WARNING: The parameter "MaximumStepLengthRatio", requested at entry number 0, does not exist at all.
  The default value "1" is used instead.
WARNING: The parameter "MaximumStepLength", requested at entry number 0, does not exist at all.
  The default value "1" is used instead.
WARNING: The parameter "NumberOfGradientMeasurements", requested at entry number 0, does not exist at all.
  The default value "0" is used instead.
WARNING: The parameter "NumberOfJacobianMeasurements", requested at entry number 0, does not exist at all.
  The default value "1000" is used instead.
WARNING: The parameter "NumberOfSamplesForExactGradient", requested at entry number 0, does not exist at all.
  The default value "100000" is used instead.
WARNING: The parameter "SigmoidScaleFactor", requested at entry number 0, does not exist at all.
  The default value "0.1" is used instead.
Elastix initialization of all components (for this resolution) took: 0 ms.
  Computing the fixed image extrema took 0 ms.
  Computing the moving image extrema took 0 ms.
Initialization of AdvancedMattesMutualInformation metric took: 2 ms.
Starting automatic parameter estimation for AdaptiveStochasticGradientDescent ...
WARNING: The parameter "ASGDParameterEstimationMethod", requested at entry number 0, does not exist at all.
  The default value "Original" is used instead.
  Computing JacobianTerms ...
  Computing the Jacobian terms took 0.000573s
  NumberOfGradientMeasurements to estimate sigma_i: 6
  Sampling gradients ...
  Sampling the gradients took 0.057050s
Automatic parameter estimation took 0.06s
1:ItNr	2:Metric	3a:Time	3b:StepSize	4:||Gradient||	Time[ms]
0	-0.588738	0.000000	24.927875	0.013621	61.1
1	-0.553263	0.000000	24.927875	0.012836	0.5
2	-0.559787	0.000000	24.927875	0.012143	0.5
3	-0.565317	0.000000	24.927875	0.007255	0.5
4	-0.565387	0.000000	24.927875	0.006140	0.5
5	-0.585876	0.000000	24.927875	0.001572	0.6
6	-0.589669	0.000000	24.927875	0.004587	0.5
7	-0.577357	0.000000	24.927875	0.003784	0.5
8	-0.548591	0.000000	24.927875	0.005636	0.5
9	-0.563261	0.000000	24.927875	0.016419	0.5
10	-0.584775	1.000000	23.794790	0.004922	0.5
11	-0.573508	0.736746	24.082969	0.005942	0.5
12	-0.568842	0.473502	24.378202	0.012572	0.5
13	-0.567920	0.210250	24.680773	0.011174	0.5
14	-0.548441	0.000000	24.927875	0.004454	0.5
15	-0.581324	0.000000	24.927875	0.006372	0.5
16	-0.580275	0.000000	24.927875	0.009124	0.5
17	-0.580308	0.000000	24.927875	0.007909	0.5
18	-0.578639	0.000000	24.927875	0.005172	0.6
19	-0.597042	0.000000	24.927875	0.008136	0.5
20	-0.561200	0.000000	24.927875	0.012852	0.5
21	-0.586028	0.000000	24.927875	0.007866	0.5
22	-0.569543	0.000000	24.927875	0.006905	0.5
23	-0.587272	0.000000	24.927875	0.007945	0.5
24	-0.589173	0.000000	24.927875	0.008004	0.5
25	-0.585426	0.000000	24.927875	0.012250	0.5
26	-0.612598	0.000000	24.927875	0.007448	0.5
27	-0.586378	0.000000	24.927875	0.011632	0.5
28	-0.595177	0.000000	24.927875	0.007729	0.5
29	-0.572686	0.000000	24.927875	0.007935	0.5
30	-0.606617	0.000000	24.927875	0.014841	0.5
31	-0.582556	0.000000	24.927875	0.007050	0.5
32	-0.585246	0.000000	24.927875	0.005771	0.5
33	-0.595578	0.000000	24.927875	0.007432	0.5
34	-0.609818	0.000000	24.927875	0.004072	0.5
35	-0.606501	0.000000	24.927875	0.014385	0.5
36	-0.595649	0.000000	24.927875	0.007817	0.5
37	-0.596149	1.000000	23.794790	0.012322	0.5
38	-0.594713	2.000000	22.760234	0.007362	0.5
39	-0.603097	3.000000	21.811891	0.007351	0.5
40	-0.605839	2.736746	22.053797	0.006791	0.5
41	-0.596962	3.735779	21.163084	0.009291	0.5
42	-0.606126	4.715509	20.356796	0.004989	0.5
43	-0.599802	4.903281	20.209231	0.004867	0.4
44	-0.595485	4.645917	20.412036	0.007807	0.5
45	-0.605946	4.382663	20.623738	0.007823	0.5
46	-0.614796	4.119409	20.839876	0.007952	0.5
47	-0.596929	3.856155	21.060594	0.012649	0.5
48	-0.608178	3.592901	21.286036	0.008894	0.5
49	-0.621796	3.329646	21.516358	0.006450	0.5
50	-0.610275	3.066392	21.751718	0.012351	0.5
51	-0.612420	2.803149	21.992274	0.006543	0.5
52	-0.621444	2.539895	22.238221	0.005397	0.5
53	-0.600252	2.277657	22.488749	0.006377	0.5
54	-0.621421	2.014506	22.745888	0.004416	0.5
55	-0.608729	3.012887	21.800185	0.008014	0.4
56	-0.603387	2.751149	22.040424	0.009918	0.5
57	-0.611019	2.487895	22.287454	0.010363	0.4
58	-0.618966	2.224640	22.540086	0.013763	0.4
59	-0.620846	1.961386	22.798509	0.009648	0.5
60	-0.622931	2.961386	21.847041	0.009499	0.7
61	-0.608304	2.698132	22.089732	0.010665	0.6
62	-0.595694	2.434878	22.337875	0.006814	0.7
63	-0.637516	2.171623	22.591657	0.013380	0.6
64	-0.626951	1.908369	22.851272	0.012460	0.6
65	-0.637566	1.645115	23.116923	0.005678	0.6
66	-0.640380	2.645114	22.139262	0.006194	0.6
67	-0.626137	2.382603	22.387815	0.012244	0.6
68	-0.603066	2.119349	22.642739	0.012669	0.6
69	-0.637936	1.856094	22.903536	0.007964	0.6
70	-0.643023	2.856083	21.943476	0.012160	0.6
71	-0.618415	2.592829	22.188326	0.007095	0.6
72	-0.630039	2.329574	22.438703	0.006798	0.6
73	-0.627520	2.298193	22.468926	0.004941	0.7
74	-0.601499	2.249030	22.516439	0.011194	0.6
75	-0.606978	1.985776	22.774318	0.010161	0.7
76	-0.593137	1.722522	23.038173	0.010832	0.6
77	-0.622923	1.459268	23.308212	0.007552	0.7
78	-0.624238	2.459268	22.314651	0.008971	0.7
79	-0.625847	2.196014	22.567903	0.008755	0.7
80	-0.630470	1.932776	22.826952	0.006642	0.7
81	-0.614477	2.929481	21.876170	0.007370	0.6
82	-0.623144	3.098107	21.723091	0.008595	0.7
83	-0.630051	4.098104	20.857567	0.008270	0.6
84	-0.621136	4.397402	20.611769	0.003913	0.7
85	-0.616727	4.673355	20.390221	0.004561	0.6
86	-0.617483	4.456710	20.563748	0.006410	0.6
87	-0.635875	5.453435	19.788938	0.007684	0.7
88	-0.613888	6.453397	19.068146	0.009754	0.8
89	-0.642020	7.453397	18.397992	0.004750	0.7
90	-0.634093	7.244889	18.533809	0.008451	0.6
91	-0.598822	8.244784	17.900128	0.007944	0.7
92	-0.623734	7.981530	18.062724	0.005397	0.6
93	-0.626340	7.718967	18.227863	0.006103	0.6
94	-0.606848	8.202721	17.925911	0.010148	0.6
95	-0.612313	9.202719	17.332393	0.006623	0.6
96	-0.635288	10.202718	16.776916	0.002413	0.6
97	-0.644486	9.958645	16.909183	0.005881	0.7
98	-0.619631	9.839250	16.974647	0.006407	0.6
99	-0.623310	10.835401	16.443499	0.003578	0.6
100	-0.608104	10.722730	16.501902	0.010994	0.6
101	-0.648613	10.693291	16.517230	0.005191	0.7
102	-0.623682	10.962376	16.378175	0.006119	0.6
103	-0.630867	10.713107	16.506909	0.005234	0.6
104	-0.620354	10.451991	16.643951	0.003375	0.6
105	-0.637969	10.766189	16.479326	0.005945	0.7
106	-0.619190	10.505255	16.615812	0.008855	0.6
107	-0.620792	10.242000	16.755821	0.003768	0.6
108	-0.633386	11.241994	16.236135	0.005321	0.6
109	-0.633921	12.241471	15.747961	0.003651	0.6
110	-0.649047	12.018308	15.854398	0.006707	0.6
111	-0.615397	11.755130	15.981783	0.005895	0.6
112	-0.631926	11.492302	16.111059	0.009573	0.6
113	-0.627621	11.229048	16.242657	0.003699	0.6
114	-0.623850	10.966294	16.376167	0.005817	0.6
115	-0.629809	10.719898	16.503375	0.009206	0.7
116	-0.624678	10.492949	16.622304	0.007914	0.8
117	-0.618406	11.492949	16.110738	0.011465	0.7
118	-0.629597	12.484694	15.633572	0.004761	0.7
119	-0.627805	12.221500	15.757427	0.005505	0.7
120	-0.626534	12.041038	15.843491	0.012762	0.7
121	-0.631045	13.041037	15.378068	0.009830	0.5
122	-0.609115	14.041037	14.939209	0.009146	0.5
123	-0.627247	15.041037	14.524704	0.011584	0.5
124	-0.613578	16.041037	14.132579	0.007708	0.5
125	-0.638257	16.315798	14.028519	0.004012	0.5
126	-0.623357	16.072687	14.120513	0.004624	0.5
127	-0.614548	17.060710	13.753957	0.004817	0.5
128	-0.623435	18.057581	13.402914	0.005771	0.5
129	-0.633758	17.794329	13.493864	0.006426	0.5
130	-0.605585	17.531075	13.586057	0.006789	0.5
131	-0.617737	18.526917	13.243770	0.004928	0.5
132	-0.623086	18.263663	13.332566	0.009274	0.5
133	-0.607547	18.000415	13.422559	0.016728	0.4
134	-0.645138	17.737160	13.513778	0.005679	0.5
135	-0.619420	17.473906	13.606245	0.011273	0.5
136	-0.622775	17.210653	13.699985	0.007984	0.5
137	-0.623049	16.947398	13.795027	0.006443	0.5
138	-0.617629	17.947398	13.440831	0.005000	0.5
139	-0.648738	18.896965	13.120932	0.007740	0.5
140	-0.633960	19.896932	12.800114	0.004596	0.4
141	-0.615782	20.895892	12.494910	0.008825	0.5
142	-0.625415	20.632667	12.573909	0.009445	0.4
143	-0.646016	20.581249	12.589458	0.003500	0.4
144	-0.614837	20.331289	12.665595	0.004167	0.5
145	-0.655079	20.163592	12.717194	0.007299	0.5
146	-0.622200	21.123208	12.427481	0.006060	0.4
147	-0.620456	21.274503	12.383005	0.010603	0.5
148	-0.600414	22.274470	12.096864	0.008902	0.5
149	-0.646637	22.011216	12.170904	0.005543	0.4
150	-0.627136	21.747961	12.245856	0.006431	0.4
151	-0.634695	22.737770	11.968726	0.007985	0.4
152	-0.644331	23.737770	11.701195	0.005932	0.4
153	-0.644095	24.051964	11.619591	0.006471	0.4
154	-0.641579	23.788742	11.687879	0.004746	0.4
155	-0.644466	23.549768	11.750575	0.011958	0.4
156	-0.635641	24.540356	11.494978	0.007267	0.4
157	-0.614666	24.277102	11.561813	0.001610	0.4
158	-0.640123	24.914646	11.401272	0.008456	0.5
159	-0.613777	24.793727	11.431377	0.009024	0.7
160	-0.624686	25.793727	11.187085	0.007639	4.4
161	-0.603489	26.081303	11.118753	0.007929	0.7
162	-0.631087	27.081302	10.887504	0.007087	0.7
163	-0.620793	28.081014	10.665741	0.011393	0.7
164	-0.630948	27.817760	10.723257	0.004515	0.7
165	-0.621344	27.554548	10.781387	0.004546	0.7
166	-0.639180	27.296022	10.839099	0.007760	0.7
167	-0.619437	28.278794	10.622934	0.004133	0.7
168	-0.661649	28.015542	10.679988	0.005580	0.7
169	-0.624761	27.753269	10.737442	0.010317	0.7
170	-0.629341	27.490015	10.795736	0.007845	0.7
171	-0.619145	27.226761	10.854666	0.009840	0.6
172	-0.637144	26.963507	10.914243	0.009364	0.7
173	-0.657944	26.700253	10.974478	0.012439	0.7
174	-0.647590	27.699939	10.749200	0.011292	0.7
175	-0.640728	27.436685	10.807622	0.004666	0.6
176	-0.627243	27.173431	10.866683	0.007623	0.7
177	-0.643284	26.910230	10.926380	0.008515	0.6
178	-0.636560	27.909978	10.703039	0.007679	0.7
179	-0.633111	28.909978	10.488592	0.007668	0.6
180	-0.626660	29.909901	10.282585	0.009578	0.6
181	-0.640261	29.647044	10.335951	0.006620	0.5
182	-0.636666	30.640675	10.137075	0.006306	0.5
183	-0.621870	30.399129	10.184713	0.004083	0.5
184	-0.619977	31.307639	10.007819	0.008554	0.5
185	-0.622020	31.126380	10.042619	0.006712	0.5
186	-0.632821	30.863126	10.093595	0.004137	0.5
187	-0.632789	31.861593	9.902944	0.006101	0.5
188	-0.649143	31.787476	9.916848	0.004670	0.5
189	-0.609345	31.532949	9.964896	0.006492	0.4
190	-0.640480	31.275337	10.014003	0.009931	0.4
191	-0.647846	32.275326	9.826038	0.009194	0.5
192	-0.649993	33.275326	9.644997	0.009362	0.5
193	-0.628223	33.017089	9.691107	0.010698	0.5
194	-0.645454	32.753835	9.738568	0.008564	0.5
195	-0.622121	33.753835	9.560707	0.005226	0.5
196	-0.633465	33.490588	9.606895	0.007417	0.5
197	-0.640170	33.413012	9.620592	0.007931	0.5
198	-0.619998	33.151286	9.667090	0.008984	0.5
199	-0.633364	32.888032	9.714316	0.003125	0.5
200	-0.631271	33.887739	9.537383	0.003530	0.5
201	-0.616494	33.733588	9.564244	0.012162	0.5
202	-0.640439	33.716788	9.567180	0.007365	0.5
203	-0.617709	33.453534	9.613433	0.005462	0.5
204	-0.628755	34.440678	9.442261	0.005697	0.5
205	-0.655965	34.357924	9.456377	0.009311	0.5
206	-0.637062	35.357754	9.288613	0.004849	0.5
207	-0.667864	35.094769	9.332160	0.005594	0.5
208	-0.637710	34.831548	9.376157	0.007659	0.5
209	-0.633417	34.592338	9.416502	0.008733	0.5
210	-0.629248	35.579944	9.252137	0.012255	0.5
211	-0.658480	36.579717	9.091489	0.009739	0.5
212	-0.634397	37.579717	8.936291	0.004957	0.6
213	-0.617300	37.316532	8.976621	0.006903	0.5
214	-0.637095	37.053283	9.017326	0.006128	0.5
215	-0.634886	37.532133	8.943556	0.005462	0.5
216	-0.642146	38.532130	8.793325	0.006253	0.5
217	-0.628432	39.532113	8.648061	0.006553	0.5
218	-0.635748	39.268859	8.685835	0.003417	0.5
219	-0.651873	39.064590	8.715374	0.005504	0.5
220	-0.644608	40.063064	8.572865	0.004542	0.5
221	-0.635024	39.799898	8.609971	0.006388	0.5
222	-0.628737	39.542771	8.646538	0.011077	0.5
223	-0.631156	40.542771	8.506042	0.007220	0.5
224	-0.633150	41.542771	8.370038	0.006690	0.5
225	-0.641896	41.279521	8.405418	0.004717	0.5
226	-0.630187	42.278459	8.272726	0.011713	0.4
227	-0.645785	43.278459	8.144025	0.014584	0.5
228	-0.624376	43.015206	8.177516	0.014241	0.5
229	-0.646680	42.751951	8.211284	0.007436	0.5
230	-0.626224	43.751951	8.084473	0.008302	0.4
231	-0.641858	43.488697	8.117475	0.008781	0.5
232	-0.620472	44.484104	7.994083	0.004506	0.5
233	-0.613680	45.484072	7.873847	0.006352	0.4
234	-0.643404	46.379763	7.769178	0.004386	0.4
235	-0.633053	46.440341	7.762199	0.010143	0.4
236	-0.616510	47.135418	7.683014	0.010337	0.4
237	-0.632620	46.872164	7.712814	0.007009	0.4
238	-0.635104	47.872163	7.600827	0.006339	0.4
239	-0.621132	47.608937	7.629988	0.006644	0.4
240	-0.620850	47.345741	7.659371	0.008704	0.4
241	-0.652465	47.082486	7.688987	0.008764	0.4
242	-0.646917	46.819232	7.718834	0.004523	0.5
243	-0.633659	47.818707	7.606731	0.004380	0.5
244	-0.630770	47.557357	7.635729	0.011412	0.4
245	-0.633861	47.810231	7.607668	0.016824	0.5
246	-0.647561	48.810231	7.498691	0.006163	0.4
247	-0.661356	49.810231	7.392793	0.003578	0.4
248	-0.655507	49.555022	7.419534	0.002854	0.4
249	-0.658650	49.318242	7.444517	0.009293	0.4
Time spent in resolution 0 (ITK initialization and iterating): 0.237 s.
Stopping condition: Maximum number of iterations has been reached.
Settings of AdaptiveStochasticGradientDescent in resolution 0:
( SP_a 523.485381 )
( SP_A 20.000000 )
( SP_alpha 1.000000 )
( SigmoidMax 1.000000 )
( SigmoidMin -0.263254 )
( SigmoidScale 0.000002 )


Resolution: 1
WARNING: The parameter "ShowExactMetricValue", requested at entry number 1, does not exist at all.
  The default value "false" is used instead.
WARNING: The parameter "CheckNumberOfSamples", requested at entry number 1, does not exist at all.
  The default value "true" is used instead.
WARNING: The parameter "UseMultiThreadingForMetrics", requested at entry number 1, does not exist at all.
  The default value "true" is used instead.
Setting the fixed masks took: 0 ms.
Setting the moving masks took: 0 ms.
WARNING: The parameter "NumberOfFixedHistogramBins", requested at entry number 1, does not exist at all.
  The default value "32" is used instead.
WARNING: The parameter "NumberOfMovingHistogramBins", requested at entry number 1, does not exist at all.
  The default value "32" is used instead.
WARNING: The parameter "FixedLimitRangeRatio", requested at entry number 1, does not exist at all.
  The default value "0.01" is used instead.
WARNING: The parameter "MovingLimitRangeRatio", requested at entry number 1, does not exist at all.
  The default value "0.01" is used instead.
WARNING: The parameter "FixedKernelBSplineOrder", requested at entry number 1, does not exist at all.
  The default value "0" is used instead.
WARNING: The parameter "MovingKernelBSplineOrder", requested at entry number 1, does not exist at all.
  The default value "3" is used instead.
WARNING: The parameter "UseFastAndLowMemoryVersion", requested at entry number 1, does not exist at all.
  The default value "true" is used instead.
WARNING: The parameter "UseJacobianPreconditioning", requested at entry number 1, does not exist at all.
  The default value "false" is used instead.
WARNING: The parameter "FiniteDifferenceDerivative", requested at entry number 1, does not exist at all.
  The default value "false" is used instead.
WARNING: The parameter "SP_A", requested at entry number 1, does not exist at all.
  The default value "20" is used instead.
WARNING: The parameter "MaximumNumberOfSamplingAttempts", requested at entry number 1, does not exist at all.
  The default value "0" is used instead.
WARNING: The parameter "SigmoidInitialTime", requested at entry number 1, does not exist at all.
  The default value "0" is used instead.
WARNING: The parameter "MaxBandCovSize", requested at entry number 1, does not exist at all.
  The default value "192" is used instead.
WARNING: The parameter "NumberOfBandStructureSamples", requested at entry number 1, does not exist at all.
  The default value "10" is used instead.
WARNING: The parameter "UseAdaptiveStepSizes", requested at entry number 1, does not exist at all.
  The default value "true" is used instead.
WARNING: The parameter "AutomaticParameterEstimation", requested at entry number 1, does not exist at all.
  The default value "true" is used instead.
WARNING: The parameter "UseConstantStep", requested at entry number 1, does not exist at all.
  The default value "false" is used instead.
WARNING: The parameter "MaximumStepLengthRatio", requested at entry number 1, does not exist at all.
  The default value "1" is used instead.
WARNING: The parameter "MaximumStepLength", requested at entry number 1, does not exist at all.
  The default value "1" is used instead.
WARNING: The parameter "NumberOfGradientMeasurements", requested at entry number 1, does not exist at all.
  The default value "0" is used instead.
WARNING: The parameter "NumberOfJacobianMeasurements", requested at entry number 1, does not exist at all.
  The default value "1000" is used instead.
WARNING: The parameter "NumberOfSamplesForExactGradient", requested at entry number 1, does not exist at all.
  The default value "100000" is used instead.
WARNING: The parameter "SigmoidScaleFactor", requested at entry number 1, does not exist at all.
  The default value "0.1" is used instead.
Elastix initialization of all components (for this resolution) took: 0 ms.
  Computing the fixed image extrema took 0 ms.
  Computing the moving image extrema took 0 ms.
Initialization of AdvancedMattesMutualInformation metric took: 25 ms.
Starting automatic parameter estimation for AdaptiveStochasticGradientDescent ...
WARNING: The parameter "ASGDParameterEstimationMethod", requested at entry number 0, does not exist at all.
  The default value "Original" is used instead.
  Computing JacobianTerms ...
  Computing the Jacobian terms took 0.000422s
  NumberOfGradientMeasurements to estimate sigma_i: 6
  Sampling gradients ...
  Sampling the gradients took 0.026654s
Automatic parameter estimation took 0.03s
1:ItNr	2:Metric	3a:Time	3b:StepSize	4:||Gradient||	Time[ms]
0	-0.559401	0.000000	6.978021	0.009140	53.1
1	-0.555110	0.000000	6.978021	0.009006	0.7
2	-0.550347	0.000000	6.978021	0.007614	0.5
3	-0.560332	0.000000	6.978021	0.008772	0.5
4	-0.566938	0.000000	6.978021	0.012635	0.6
5	-0.550886	0.000000	6.978021	0.008572	0.5
6	-0.550308	0.740962	6.740201	0.013771	0.6
7	-0.550569	1.703367	6.454481	0.010639	0.6
8	-0.558874	0.755718	6.735629	0.008376	0.5
9	-0.538770	0.000000	6.978021	0.015210	0.5
10	-0.564212	0.000000	6.978021	0.005081	0.5
11	-0.583779	0.000000	6.978021	0.009537	0.5
12	-0.567908	0.998957	6.661154	0.007185	0.5
13	-0.576893	1.060107	6.642690	0.003890	0.5
14	-0.585219	0.208329	6.909476	0.013201	0.5
15	-0.555372	0.000000	6.978021	0.006713	0.5
16	-0.564275	0.946571	6.677054	0.006812	0.5
17	-0.570089	1.707023	6.453441	0.007712	0.5
18	-0.553281	2.696505	6.183969	0.008677	0.5
19	-0.577813	3.695809	5.933737	0.011146	0.5
20	-0.566045	4.695804	5.702816	0.008403	0.5
21	-0.577424	5.695742	5.489207	0.008893	0.5
22	-0.548232	5.059099	5.623312	0.007612	0.5
23	-0.549904	4.111829	5.835435	0.010098	0.5
24	-0.563832	3.164184	6.064283	0.008666	0.5
25	-0.597900	2.219981	6.310877	0.007286	0.5
26	-0.569077	3.204946	6.054070	0.014421	0.5
27	-0.554482	2.257301	6.300750	0.007226	0.5
28	-0.569960	2.085059	6.347761	0.005390	0.5
29	-0.576686	2.474507	6.242450	0.006803	0.6
30	-0.563479	3.432637	5.997652	0.006714	0.5
31	-0.555626	2.552717	6.221721	0.007609	0.5
32	-0.585512	3.497003	5.981893	0.011475	0.5
33	-0.559873	3.270821	6.037639	0.009982	0.5
34	-0.547959	2.370961	6.270108	0.011500	0.5
35	-0.542410	1.423343	6.535085	0.013084	2.5
36	-0.574189	0.717072	6.747615	0.015668	0.8
37	-0.551943	0.000000	6.978021	0.015263	0.8
38	-0.552407	1.000000	6.660838	0.006280	0.7
39	-0.557067	0.052793	6.960523	0.007574	0.8
40	-0.557904	0.000000	6.978021	0.011895	0.8
41	-0.571032	0.000000	6.978021	0.015181	0.5
42	-0.554331	0.997124	6.661709	0.018355	0.5
43	-0.546255	1.997124	6.372033	0.010736	0.5
44	-0.577100	1.049466	6.645896	0.008629	0.6
45	-0.550773	2.048084	6.357945	0.005329	0.5
46	-0.561230	1.411475	6.538545	0.013922	0.5
47	-0.574333	0.951933	6.675423	0.017318	0.5
48	-0.542976	1.951933	6.384580	0.012892	0.5
49	-0.556888	2.951933	6.118022	0.006337	0.6
50	-0.559194	3.949154	5.873483	0.016507	0.8
51	-0.548175	4.948638	5.647250	0.008263	0.8
52	-0.560200	5.889189	5.449716	0.010324	0.8
53	-0.556921	6.882444	5.255581	0.004614	0.9
54	-0.569638	7.841401	5.080837	0.008587	0.5
55	-0.555847	6.995605	5.234337	0.007949	0.5
56	-0.569304	7.215891	5.193472	0.005283	0.5
57	-0.556912	8.204724	5.017628	0.016871	0.6
58	-0.558760	9.204649	4.851520	0.007011	0.5
59	-0.591911	10.111887	4.710047	0.004407	0.5
60	-0.557022	10.515126	4.649781	0.012972	0.5
61	-0.566270	9.916964	4.739742	0.006370	0.5
62	-0.596012	10.858800	4.599622	0.006854	0.5
63	-0.559890	11.644000	4.488986	0.007338	0.5
64	-0.565537	12.641554	4.355876	0.006033	0.5
65	-0.573678	13.591426	4.236265	0.013355	0.5
66	-0.586807	14.402945	4.139160	0.005711	0.5
67	-0.571248	13.456255	4.252884	0.010628	0.5
68	-0.551169	12.519827	4.371695	0.009572	0.5
69	-0.564343	11.573033	4.498766	0.013135	0.5
70	-0.546373	12.571268	4.364996	0.010249	0.5
71	-0.561961	11.623609	4.491791	0.008925	0.6
72	-0.559662	10.758206	4.614191	0.004297	0.5
73	-0.552816	9.819650	4.754708	0.007765	0.5
74	-0.586496	10.726595	4.618789	0.014619	0.5
75	-0.574660	9.781085	4.760665	0.006792	0.6
76	-0.543626	8.833480	4.911879	0.004651	0.5
77	-0.556108	9.461785	4.810567	0.010904	0.5
78	-0.586416	9.921477	4.739051	0.014205	0.5
79	-0.568101	10.536335	4.646654	0.007347	0.5
80	-0.574138	11.375518	4.526212	0.010717	0.5
81	-0.566125	12.336765	4.395701	0.007848	0.7
82	-0.578734	13.336748	4.267686	0.013582	0.5
83	-0.561103	12.547604	4.368075	0.007413	0.5
84	-0.591819	13.547381	4.241666	0.006868	0.6
85	-0.563214	14.085261	4.176638	0.011575	0.5
86	-0.581710	14.505104	4.127250	0.006907	0.5
87	-0.564488	13.557706	4.240399	0.013199	0.7
88	-0.583919	14.557694	4.121146	0.011485	0.6
89	-0.565690	13.610035	4.233987	0.002667	0.5
90	-0.574884	13.366116	4.264039	0.007717	0.6
91	-0.547629	12.602594	4.360927	0.006941	0.6
92	-0.559126	11.656008	4.487335	0.006086	0.6
93	-0.555589	10.819143	4.605355	0.014699	0.6
94	-0.570669	9.871498	4.746723	0.013229	0.6
95	-0.561342	8.923851	4.897045	0.006653	0.6
96	-0.582541	8.092021	5.037067	0.007800	0.6
97	-0.549559	8.935025	4.895217	0.004211	0.6
98	-0.582429	8.092856	5.036922	0.005890	0.6
99	-0.573893	8.780382	4.920637	0.011111	0.5
100	-0.570063	7.860903	5.077403	0.011356	0.7
101	-0.576255	6.913246	5.249782	0.002135	0.5
102	-0.551846	7.862646	5.077097	0.006852	0.5
103	-0.549263	8.320185	4.997869	0.011273	0.5
104	-0.561228	8.565899	4.956333	0.009251	0.5
105	-0.572927	8.396675	4.984865	0.012280	0.5
106	-0.574585	7.453562	5.150091	0.010768	0.6
107	-0.556955	6.505975	5.327513	0.012337	0.5
108	-0.578659	7.505975	5.140622	0.004479	0.5
109	-0.529321	7.975431	5.057334	0.008655	0.6
110	-0.555543	7.043718	5.225357	0.009134	0.6
111	-0.580825	6.096403	5.408041	0.009970	0.5
112	-0.550235	5.150753	5.603603	0.007948	0.5
113	-0.563765	6.144072	5.398543	0.009259	0.5
114	-0.573975	7.138366	5.207781	0.008385	0.5
115	-0.584805	6.190903	5.389245	0.007667	0.5
116	-0.552217	6.580292	5.313158	0.004680	0.5
117	-0.572986	7.402179	5.159409	0.006654	0.5
118	-0.564226	6.933811	5.245917	0.010724	0.5
119	-0.558464	6.539019	5.321121	0.009074	0.5
120	-0.570646	5.611706	5.506541	0.012186	0.5
121	-0.558427	4.664049	5.709872	0.010014	0.5
122	-0.587511	4.966583	5.643347	0.006997	0.6
123	-0.569033	4.019147	5.857052	0.006079	0.5
124	-0.570932	3.107143	6.078632	0.005721	0.5
125	-0.564015	3.255833	6.041369	0.012505	0.5
126	-0.565772	4.180894	5.819430	0.005453	0.5
127	-0.543752	3.615614	5.953069	0.007717	0.5
128	-0.577484	2.675419	6.189476	0.008607	0.5
129	-0.545869	1.731961	6.446362	0.008846	0.5
130	-0.569863	2.720501	6.177713	0.005315	0.5
131	-0.596169	1.943921	6.386809	0.012131	0.6
132	-0.555807	2.235431	6.306681	0.008974	0.6
133	-0.553808	3.233824	6.046856	0.013864	0.6
134	-0.561581	2.286165	6.292940	0.010741	0.6
135	-0.569022	3.180672	6.060148	0.007192	0.6
136	-0.570968	2.233016	6.307336	0.012815	0.6
137	-0.552548	1.436687	6.531198	0.010350	0.6
138	-0.569407	2.436687	6.252524	0.012036	0.6
139	-0.569182	1.489028	6.515997	0.006135	0.5
140	-0.563724	2.103221	6.342771	0.008596	0.6
141	-0.561483	2.849393	6.144326	0.008430	0.6
142	-0.558702	1.920041	6.393464	0.012054	0.5
143	-0.553339	0.994075	6.662633	0.008069	0.5
144	-0.552077	1.613180	6.480223	0.008496	0.5
145	-0.543152	2.612745	6.205905	0.007785	0.5
146	-0.579645	1.665477	6.465271	0.009289	0.5
147	-0.574551	0.717843	6.747376	0.014351	0.5
148	-0.579506	0.000000	6.978021	0.008669	0.5
149	-0.563902	1.000000	6.660838	0.004429	0.5
150	-0.553059	1.577795	6.490379	0.010482	0.5
151	-0.588316	2.575954	6.215589	0.007360	0.5
152	-0.563331	1.629131	6.475655	0.011118	0.5
153	-0.574952	0.684467	6.757761	0.004968	0.5
154	-0.561425	1.662913	6.466002	0.007393	0.5
155	-0.570041	1.295743	6.572485	0.009223	0.5
156	-0.593613	0.471723	6.824718	0.006364	0.5
157	-0.558778	1.402373	6.541202	0.004814	0.5
158	-0.562458	0.822709	6.714952	0.012486	0.5
159	-0.584806	1.659293	6.467035	0.003830	0.5
160	-0.568015	0.996820	6.661801	0.006407	0.5
161	-0.567645	1.838641	6.416251	0.013048	0.5
162	-0.542621	0.891004	6.694003	0.007301	0.5
163	-0.550627	1.819047	6.421760	0.005511	0.6
164	-0.571256	2.798236	6.157534	0.017921	0.5
165	-0.568928	3.733834	5.924615	0.003613	0.5
166	-0.563210	4.728348	5.695603	0.011552	0.5
167	-0.550887	3.800084	5.908788	0.007362	0.5
168	-0.555704	2.852534	6.143517	0.009614	0.5
169	-0.565195	3.852171	5.896404	0.006721	0.5
170	-0.537404	3.108354	6.078326	0.016189	0.5
171	-0.547144	4.108240	5.836269	0.017182	0.5
172	-0.569414	5.108240	5.612728	0.006248	0.5
173	-0.568205	4.160583	5.824128	0.006629	0.5
174	-0.593494	3.268695	6.038167	0.004744	1.0
175	-0.571367	3.553032	5.968242	0.010710	0.6
176	-0.572773	4.431696	5.762040	0.008925	0.6
177	-0.560991	5.426014	5.545235	0.004813	0.6
178	-0.568570	4.485111	5.749963	0.009889	0.6
179	-0.566304	3.900919	5.884861	0.005158	0.6
180	-0.586781	2.956890	6.116756	0.011010	0.6
181	-0.575995	3.356275	6.016456	0.011800	0.6
182	-0.585743	4.356275	5.779179	0.005032	0.6
183	-0.572211	5.292637	5.573364	0.003611	0.6
184	-0.564375	5.194602	5.594223	0.014191	0.5
185	-0.578823	4.249672	5.803578	0.007154	0.5
186	-0.554188	4.768006	5.686837	0.009512	0.5
187	-0.565739	4.665376	5.709577	0.008773	0.5
188	-0.558753	5.665363	5.495460	0.010676	0.5
189	-0.581561	5.015299	5.632780	0.014981	0.5
190	-0.586108	6.015299	5.424276	0.007274	0.5
191	-0.592493	6.858622	5.260075	0.007554	0.5
192	-0.598872	5.915091	5.444471	0.006996	0.5
193	-0.562591	5.137254	5.606497	0.009919	0.5
194	-0.557961	6.133638	5.400619	0.005352	0.5
195	-0.570650	5.214854	5.589901	0.012873	0.5
196	-0.576334	6.149622	5.397440	0.004383	0.5
197	-0.601277	5.202474	5.592542	0.013851	0.5
198	-0.551586	4.254872	5.802383	0.006168	0.5
199	-0.564834	5.254439	5.581473	0.011051	0.5
200	-0.571651	4.345156	5.781714	0.006363	0.5
201	-0.572691	3.468230	5.988927	0.008876	0.5
202	-0.556347	3.669790	5.939996	0.008234	0.5
203	-0.552580	2.738722	6.172971	0.007716	0.5
204	-0.569366	3.678768	5.937835	0.007685	0.5
205	-0.565186	4.297313	5.792649	0.007492	0.6
206	-0.554325	5.158596	5.601923	0.017911	0.5
207	-0.561194	4.211371	5.812395	0.007486	0.5
208	-0.562407	4.814056	5.676692	0.013605	0.5
209	-0.559841	3.867655	5.892733	0.006827	0.5
210	-0.572612	2.934926	6.122369	0.005757	0.5
211	-0.571698	2.037746	6.360798	0.009117	0.5
212	-0.566752	1.354158	6.555311	0.005090	0.5
213	-0.564316	0.670693	6.762056	0.009850	0.6
214	-0.576448	0.039546	6.964905	0.006298	0.5
215	-0.560399	0.000000	6.978021	0.011518	0.6
216	-0.581769	0.000000	6.978021	0.010454	0.5
217	-0.581756	0.999998	6.660839	0.006855	0.5
218	-0.552234	0.307149	6.877431	0.011133	0.5
219	-0.540520	1.305374	6.569647	0.014407	0.5
220	-0.575715	0.357716	6.861148	0.011010	0.5
221	-0.557120	0.746257	6.738560	0.006437	0.6
222	-0.566471	1.685723	6.459501	0.010446	0.6
223	-0.561593	2.261594	6.299587	0.014024	0.6
224	-0.551677	1.321757	6.564826	0.010108	0.5
225	-0.555992	1.943449	6.386941	0.016037	0.5
226	-0.551534	0.995820	6.662104	0.006730	0.5
227	-0.573112	1.653161	6.468786	0.005706	0.5
228	-0.581228	1.954827	6.383775	0.006958	0.6
229	-0.581747	2.702993	6.182276	0.009907	0.6
230	-0.574315	3.107622	6.078511	0.009705	0.5
231	-0.575464	4.107608	5.836416	0.011828	0.5
232	-0.572675	5.107589	5.612868	0.010725	0.5
233	-0.568783	6.104275	5.406470	0.013546	0.5
234	-0.584235	5.159030	5.601830	0.005708	0.5
235	-0.576265	4.988069	5.638681	0.005057	0.5
236	-0.564154	5.964132	5.434569	0.005278	0.8
237	-0.554853	6.505784	5.327550	0.007953	0.5
238	-0.553885	5.653922	5.497819	0.008730	0.5
239	-0.552536	4.978346	5.640792	0.011406	0.5
240	-0.562035	4.031733	5.854107	0.005804	0.5
241	-0.587583	3.093301	6.082124	0.010324	0.5
242	-0.560423	2.321540	6.283395	0.008744	0.5
243	-0.556629	1.373882	6.549532	0.005104	0.5
244	-0.552304	0.675992	6.760403	0.005994	0.5
245	-0.566859	1.370037	6.550657	0.013041	0.5
246	-0.578847	0.424719	6.839690	0.012163	0.5
247	-0.563529	1.424719	6.534684	0.008225	0.5
248	-0.559202	0.492354	6.818166	0.007167	0.5
249	-0.598492	1.448811	6.527671	0.011429	0.5
Time spent in resolution 1 (ITK initialization and iterating): 0.259 s.
Stopping condition: Maximum number of iterations has been reached.
Settings of AdaptiveStochasticGradientDescent in resolution 1:
( SP_a 146.538445 )
( SP_A 20.000000 )
( SP_alpha 1.000000 )
( SigmoidMax 1.000000 )
( SigmoidMin -0.947659 )
( SigmoidScale 0.000006 )


Resolution: 2
WARNING: The parameter "ShowExactMetricValue", requested at entry number 2, does not exist at all.
  The default value "false" is used instead.
WARNING: The parameter "CheckNumberOfSamples", requested at entry number 2, does not exist at all.
  The default value "true" is used instead.
WARNING: The parameter "UseMultiThreadingForMetrics", requested at entry number 2, does not exist at all.
  The default value "true" is used instead.
Setting the fixed masks took: 0 ms.
Setting the moving masks took: 0 ms.
WARNING: The parameter "NumberOfFixedHistogramBins", requested at entry number 2, does not exist at all.
  The default value "32" is used instead.
WARNING: The parameter "NumberOfMovingHistogramBins", requested at entry number 2, does not exist at all.
  The default value "32" is used instead.
WARNING: The parameter "FixedLimitRangeRatio", requested at entry number 2, does not exist at all.
  The default value "0.01" is used instead.
WARNING: The parameter "MovingLimitRangeRatio", requested at entry number 2, does not exist at all.
  The default value "0.01" is used instead.
WARNING: The parameter "FixedKernelBSplineOrder", requested at entry number 2, does not exist at all.
  The default value "0" is used instead.
WARNING: The parameter "MovingKernelBSplineOrder", requested at entry number 2, does not exist at all.
  The default value "3" is used instead.
WARNING: The parameter "UseFastAndLowMemoryVersion", requested at entry number 2, does not exist at all.
  The default value "true" is used instead.
WARNING: The parameter "UseJacobianPreconditioning", requested at entry number 2, does not exist at all.
  The default value "false" is used instead.
WARNING: The parameter "FiniteDifferenceDerivative", requested at entry number 2, does not exist at all.
  The default value "false" is used instead.
WARNING: The parameter "SP_A", requested at entry number 2, does not exist at all.
  The default value "20" is used instead.
WARNING: The parameter "MaximumNumberOfSamplingAttempts", requested at entry number 2, does not exist at all.
  The default value "0" is used instead.
WARNING: The parameter "SigmoidInitialTime", requested at entry number 2, does not exist at all.
  The default value "0" is used instead.
WARNING: The parameter "MaxBandCovSize", requested at entry number 2, does not exist at all.
  The default value "192" is used instead.
WARNING: The parameter "NumberOfBandStructureSamples", requested at entry number 2, does not exist at all.
  The default value "10" is used instead.
WARNING: The parameter "UseAdaptiveStepSizes", requested at entry number 2, does not exist at all.
  The default value "true" is used instead.
WARNING: The parameter "AutomaticParameterEstimation", requested at entry number 2, does not exist at all.
  The default value "true" is used instead.
WARNING: The parameter "UseConstantStep", requested at entry number 2, does not exist at all.
  The default value "false" is used instead.
WARNING: The parameter "MaximumStepLengthRatio", requested at entry number 2, does not exist at all.
  The default value "1" is used instead.
WARNING: The parameter "MaximumStepLength", requested at entry number 2, does not exist at all.
  The default value "1" is used instead.
WARNING: The parameter "NumberOfGradientMeasurements", requested at entry number 2, does not exist at all.
  The default value "0" is used instead.
WARNING: The parameter "NumberOfJacobianMeasurements", requested at entry number 2, does not exist at all.
  The default value "1000" is used instead.
WARNING: The parameter "NumberOfSamplesForExactGradient", requested at entry number 2, does not exist at all.
  The default value "100000" is used instead.
WARNING: The parameter "SigmoidScaleFactor", requested at entry number 2, does not exist at all.
  The default value "0.1" is used instead.
Elastix initialization of all components (for this resolution) took: 0 ms.
  Computing the fixed image extrema took 3 ms.
  Computing the moving image extrema took 3 ms.
Initialization of AdvancedMattesMutualInformation metric took: 180 ms.
Starting automatic parameter estimation for AdaptiveStochasticGradientDescent ...
WARNING: The parameter "ASGDParameterEstimationMethod", requested at entry number 0, does not exist at all.
  The default value "Original" is used instead.
  Computing JacobianTerms ...
  Computing the Jacobian terms took 0.000472s
  NumberOfGradientMeasurements to estimate sigma_i: 6
  Sampling gradients ...
  Sampling the gradients took 0.032261s
Automatic parameter estimation took 0.03s
1:ItNr	2:Metric	3a:Time	3b:StepSize	4:||Gradient||	Time[ms]
0	-0.505694	0.000000	9.398781	0.006665	214.2
1	-0.542888	0.000000	9.398781	0.016735	0.6
2	-0.507967	0.000000	9.398781	0.016485	0.6
3	-0.534484	1.000000	8.971563	0.008843	0.6
4	-0.506530	2.000000	8.581495	0.010147	0.7
5	-0.531213	3.000000	8.223933	0.009396	0.6
6	-0.517728	2.052247	8.562046	0.011389	0.5
7	-0.516752	1.276186	8.860331	0.011798	0.5
8	-0.517664	2.276009	8.479735	0.009297	0.5
9	-0.545198	1.328241	8.839675	0.018945	0.5
10	-0.513871	0.380472	9.231526	0.007926	0.5
11	-0.518553	1.380472	8.819045	0.012792	0.5
12	-0.524820	0.439198	9.206240	0.010615	0.6
13	-0.508138	0.000000	9.398781	0.008192	0.6
14	-0.520278	0.999978	8.971573	0.011104	0.5
15	-0.556047	1.999958	8.581511	0.013053	0.5
16	-0.519237	2.999752	8.224018	0.014952	0.7
17	-0.524642	3.946657	7.911858	0.008126	0.5
18	-0.522008	2.998888	8.224314	0.016624	0.5
19	-0.532566	2.051119	8.562465	0.005374	0.5
20	-0.534063	3.051119	8.206454	0.012675	0.5
21	-0.499382	2.637010	8.350227	0.004154	0.5
22	-0.533722	3.636770	8.011375	0.009744	0.5
23	-0.519644	2.985834	8.228790	0.011292	0.5
24	-0.524879	2.115731	8.538531	0.008764	0.5
25	-0.532346	3.115719	8.184471	0.009510	0.5
26	-0.524908	2.167950	8.519286	0.015990	0.5
27	-0.504918	1.220181	8.882663	0.013354	0.5
28	-0.509379	0.272413	9.278421	0.011321	0.5
29	-0.520231	0.000000	9.398781	0.009036	0.5
30	-0.532385	0.000000	9.398781	0.015416	0.5
31	-0.519499	0.999992	8.971567	0.011119	0.5
32	-0.523220	1.999992	8.581498	0.008333	0.5
33	-0.526215	2.898362	8.258909	0.012817	0.5
34	-0.534824	3.898173	7.927264	0.017656	0.5
35	-0.525250	2.950566	8.240907	0.007121	0.5
36	-0.533956	2.002798	8.580452	0.015597	0.5
37	-0.499702	3.002797	8.222975	0.008074	0.5
38	-0.518162	3.995520	7.896391	0.010376	0.6
39	-0.525618	4.994912	7.592809	0.008472	0.6
40	-0.522297	5.994900	7.311544	0.010226	0.5
41	-0.517985	6.970969	7.056402	0.011503	0.6
42	-0.512028	6.023226	7.303880	0.010757	0.5
43	-0.509763	7.023226	7.043243	0.019744	0.6
44	-0.515209	8.023226	6.800567	0.015510	0.6
45	-0.519289	9.023226	6.574057	0.007326	0.6
46	-0.515855	8.075457	6.788351	0.018239	0.6
47	-0.530960	7.127689	7.017085	0.020931	0.6
48	-0.507538	8.127689	6.776178	0.011380	0.6
49	-0.526619	9.127689	6.551262	0.012525	0.6
50	-0.507435	10.127688	6.340798	0.009635	0.7
51	-0.534374	11.127688	6.143436	0.014923	0.6
52	-0.527718	10.179919	6.330177	0.016426	0.5
53	-0.521421	9.232151	6.528626	0.014512	0.5
54	-0.512633	8.284401	6.739916	0.006775	0.5
55	-0.527620	7.336703	6.965327	0.020348	0.5
56	-0.532040	6.388934	7.206355	0.011066	0.5
57	-0.532787	7.388934	6.952512	0.022711	0.5
58	-0.521707	6.441166	7.192639	0.011230	0.5
59	-0.550619	5.493540	7.449906	0.009094	0.5
60	-0.510579	5.234703	7.523409	0.020343	0.5
61	-0.534018	6.234703	7.247165	0.015829	0.5
62	-0.523005	5.286934	7.508460	0.018345	0.5
63	-0.555063	6.286934	7.233293	0.008880	0.5
64	-0.532634	5.339320	7.493527	0.004173	0.5
65	-0.522391	4.508130	7.737705	0.007678	0.5
66	-0.533534	4.835173	7.639755	0.007258	0.5
67	-0.536492	5.185570	7.537525	0.009220	0.5
68	-0.535046	4.313599	7.797168	0.012768	0.5
69	-0.500040	5.313599	7.500851	0.009191	0.5
70	-0.526114	4.365830	7.781113	0.013183	0.5
71	-0.521489	3.418124	8.083110	0.008054	0.5
72	-0.525567	2.480459	8.405900	0.013271	0.5
73	-0.523400	3.480459	8.062528	0.011347	0.5
74	-0.525477	4.282642	7.806716	0.014760	0.5
75	-0.517107	5.068586	7.571350	0.012465	0.5
76	-0.511371	4.120818	7.857005	0.012344	0.5
77	-0.504958	5.120818	7.556210	0.010765	0.5
78	-0.549596	6.031356	7.301683	0.009980	0.5
79	-0.513111	5.083635	7.566982	0.010614	0.5
80	-0.542621	4.452930	7.754486	0.016445	0.5
81	-0.504948	5.452930	7.461343	0.005391	0.5
82	-0.513012	6.452930	7.189557	0.010668	0.5
83	-0.517070	5.733902	7.382925	0.014382	0.8
84	-0.519465	6.733902	7.116719	0.008670	5.1
85	-0.508909	5.786133	7.368529	0.004714	0.9
86	-0.513487	5.120613	7.556270	0.010707	0.8
87	-0.520340	4.174093	7.840378	0.007071	0.6
88	-0.531736	5.094911	7.563712	0.009984	0.6
89	-0.513961	6.075583	7.289756	0.007984	0.6
90	-0.537131	5.130835	7.553314	0.013698	0.6
91	-0.526095	6.055572	7.295148	0.006553	0.5
92	-0.527484	5.107833	7.559969	0.009904	0.5
93	-0.529668	5.525642	7.440890	0.012796	0.6
94	-0.523093	6.525635	7.170566	0.013887	0.5
95	-0.517849	5.577866	7.426269	0.004948	0.5
96	-0.509504	6.577837	7.156993	0.005563	0.5
97	-0.544914	5.633468	7.410766	0.015801	0.5
98	-0.532239	4.685700	7.684213	0.008722	0.6
99	-0.550322	3.737931	7.978614	0.009666	0.5
100	-0.515611	2.790238	8.296445	0.012482	0.5
101	-0.536584	3.790232	7.961781	0.003907	0.5
102	-0.535014	4.778519	7.656545	0.012665	0.6
103	-0.523321	4.691250	7.682553	0.006810	0.6
104	-0.531057	5.691250	7.394723	0.009307	0.5
105	-0.516113	4.756117	7.663205	0.019641	0.5
106	-0.497218	5.756117	7.376795	0.007732	0.5
107	-0.519877	4.816055	7.645413	0.010148	0.5
108	-0.534270	5.816055	7.360307	0.008682	0.5
109	-0.498209	4.868286	7.629976	0.018635	0.5
110	-0.522348	5.868286	7.345999	0.009129	0.6
111	-0.507581	4.920517	7.614601	0.014566	0.5
112	-0.523199	3.998511	7.895446	0.006479	0.6
113	-0.501781	3.051325	8.206384	0.021280	0.5
114	-0.541340	2.280224	8.478200	0.022637	0.8
115	-0.529828	3.280196	8.129028	0.010691	0.8
116	-0.535680	2.332439	8.459227	0.017679	0.7
117	-0.525189	1.384670	8.817391	0.009507	0.8
118	-0.509880	0.436901	9.207226	0.009388	0.8
119	-0.499040	0.000000	9.398781	0.017637	0.8
120	-0.525131	0.000000	9.398781	0.010542	0.8
121	-0.516176	0.999963	8.971578	0.006404	0.8
122	-0.506981	0.737038	9.080096	0.016623	0.7
123	-0.531360	0.311574	9.261371	0.005874	0.6
124	-0.519254	0.000000	9.398781	0.010541	0.6
125	-0.529384	0.000000	9.398781	0.010146	0.7
126	-0.519724	0.000000	9.398781	0.007488	0.6
127	-0.518783	0.000000	9.398781	0.012674	0.6
128	-0.540885	1.000000	8.971563	0.016783	0.6
129	-0.542229	2.000000	8.581495	0.017983	0.6
130	-0.532514	1.052231	8.950314	0.007703	0.6
131	-0.523137	0.104463	9.352259	0.011398	0.6
132	-0.542348	0.000000	9.398781	0.008065	0.6
133	-0.508475	0.938174	8.996847	0.020962	0.5
134	-0.523655	1.938174	8.604625	0.008314	0.5
135	-0.537095	2.935085	8.246238	0.012368	0.6
136	-0.532304	3.813177	7.954419	0.011539	0.5
137	-0.521167	4.813177	7.646265	0.006300	0.5
138	-0.511434	3.865412	7.937709	0.012867	0.5
139	-0.524395	2.917672	8.252241	0.007034	0.5
140	-0.526309	3.917517	7.921110	0.019146	0.6
141	-0.513515	2.969751	8.234311	0.011538	0.5
142	-0.508978	2.034223	8.568746	0.010001	0.6
143	-0.505030	3.034223	8.212223	0.017554	0.5
144	-0.508282	2.086454	8.549359	0.008363	0.5
145	-0.529707	3.086454	8.194415	0.015959	0.5
146	-0.532268	4.086454	7.867768	0.008378	0.5
147	-0.505692	3.145380	8.174417	0.012162	0.6
148	-0.522494	4.145292	7.849358	0.007053	0.5
149	-0.513288	3.197524	8.156801	0.013385	0.5
150	-0.537863	4.197524	7.833087	0.011161	0.5
151	-0.508606	3.249756	8.139232	0.003609	0.5
152	-0.527070	3.046914	8.207889	0.004464	0.5
153	-0.532202	2.152971	8.524798	0.009299	0.5
154	-0.537653	2.783383	8.298836	0.010437	0.5
155	-0.529423	3.347221	8.106650	0.006729	0.5
156	-0.515757	2.577472	8.371313	0.015914	0.5
157	-0.524277	3.573073	8.032141	0.015388	0.5
158	-0.525470	4.573073	7.718055	0.016182	0.5
159	-0.525847	5.573073	7.427609	0.015843	0.5
160	-0.519180	4.625304	7.702324	0.013616	0.5
161	-0.517982	3.677536	7.998140	0.019492	0.5
162	-0.515615	4.677536	7.686656	0.008470	0.6
163	-0.526551	3.729798	7.981238	0.022992	0.6
164	-0.520041	2.841126	8.278736	0.010779	0.6
165	-0.518124	3.841126	7.945469	0.013814	0.6
166	-0.530127	2.893357	8.260639	0.011430	0.6
167	-0.532517	1.945589	8.601845	0.009048	0.5
168	-0.508638	0.997835	8.972446	0.020729	0.5
169	-0.509584	1.199702	8.890858	0.012169	0.5
170	-0.515412	2.199702	8.507626	0.006212	0.6
171	-0.506693	3.199702	8.156067	0.011655	3.1
172	-0.548177	2.265513	8.483561	0.013184	0.6
173	-0.526859	2.682490	8.334191	0.008456	0.5
174	-0.533049	1.735185	8.681451	0.012632	0.5
175	-0.530461	2.735182	8.315689	0.009408	0.5
176	-0.509864	1.787416	8.661552	0.014048	0.5
177	-0.524285	2.787416	8.297429	0.006186	0.5
178	-0.518578	1.841423	8.641073	0.010932	0.5
179	-0.508795	2.767432	8.304406	0.005317	0.5
180	-0.516307	1.863116	8.632874	0.011972	0.5
181	-0.516602	0.921154	9.003832	0.008457	0.5
182	-0.525249	0.000000	9.398781	0.016805	0.5
183	-0.514167	0.999995	8.971565	0.012298	0.8
184	-0.525473	1.491282	8.775596	0.007868	0.6
185	-0.529270	1.413039	8.806231	0.007660	0.5
186	-0.521306	2.413039	8.430106	0.008069	0.5
187	-0.513015	3.413039	8.084794	0.008416	0.5
188	-0.519821	4.280982	7.807228	0.008903	0.5
189	-0.533023	3.336213	8.110317	0.012416	0.5
190	-0.536531	4.336213	7.790209	0.013511	0.5
191	-0.518655	3.388444	8.092947	0.010307	0.6
192	-0.519139	2.440676	8.420167	0.011990	0.6
193	-0.518837	1.492947	8.774946	0.009397	0.5
194	-0.514635	0.547758	9.159858	0.015034	0.5
195	-0.541836	1.547758	8.753615	0.008273	0.5
196	-0.529982	2.547758	8.381876	0.010894	0.5
197	-0.522106	1.599994	8.733383	0.021188	0.5
198	-0.530987	1.220153	8.882675	0.018036	0.5
199	-0.512085	2.220153	8.500133	0.019801	0.5
200	-0.542279	3.220153	8.149180	0.017321	0.5
201	-0.509554	4.220153	7.826058	0.010980	0.5
202	-0.532878	3.272385	8.131644	0.017731	0.5
203	-0.499499	2.324812	8.461993	0.018809	0.5
204	-0.523625	1.377044	8.820396	0.007577	0.5
205	-0.515266	1.617206	8.726737	0.010017	0.5
206	-0.523183	1.697419	8.695896	0.013253	0.5
207	-0.534710	0.749651	9.074831	0.016443	0.5
208	-0.522165	1.749651	8.675931	0.006879	0.5
209	-0.526292	0.802087	9.053004	0.009909	0.5
210	-0.524480	1.703784	8.693458	0.012968	0.5
211	-0.529531	0.756015	9.072176	0.005387	0.5
212	-0.538899	0.000000	9.398781	0.011757	0.6
213	-0.538103	0.000000	9.398781	0.010018	0.6
214	-0.550953	0.000000	9.398781	0.004841	0.6
215	-0.520302	0.970160	8.983749	0.015227	0.7
216	-0.517160	0.022391	9.388770	0.007274	0.7
217	-0.542118	0.962564	8.986856	0.018071	0.8
218	-0.510223	1.962478	8.595518	0.012148	0.6
219	-0.532911	1.014709	8.965569	0.012835	0.6
220	-0.540313	2.014709	8.576011	0.008201	0.6
221	-0.527875	1.066941	8.944348	0.024353	0.5
222	-0.532571	0.119737	9.345495	0.013276	0.5
223	-0.524923	0.000000	9.398781	0.013440	0.5
224	-0.518990	1.000000	8.971563	0.015517	0.5
225	-0.511362	1.999999	8.581496	0.012428	0.5
226	-0.518814	1.052230	8.950314	0.014755	0.5
227	-0.534770	0.104462	9.352259	0.004316	0.5
228	-0.529700	1.104460	8.929166	0.007569	0.5
229	-0.518662	2.104241	8.542778	0.008895	0.6
230	-0.551446	3.104240	8.188368	0.019427	0.6
231	-0.529603	2.156472	8.523509	0.010119	0.5
232	-0.519110	1.208703	8.887254	0.010831	0.5
233	-0.537757	2.208701	8.504328	0.013603	0.5
234	-0.543533	1.260932	8.866403	0.007746	0.5
235	-0.542478	2.260932	8.485231	0.010158	0.5
236	-0.535731	3.260932	8.135483	0.005244	0.5
237	-0.543486	4.260131	7.813673	0.010491	0.5
238	-0.506509	3.312424	8.118252	0.017995	0.5
239	-0.550990	2.364655	8.447563	0.012269	0.5
240	-0.513469	1.416886	8.804719	0.007298	0.5
241	-0.551229	2.217140	8.501236	0.012656	0.5
242	-0.521209	3.215281	8.150820	0.013020	0.5
243	-0.529480	4.215281	7.827571	0.011976	0.5
244	-0.524488	5.215281	7.528983	0.010445	0.5
245	-0.543924	4.267512	7.811390	0.008006	0.5
246	-0.487498	5.253628	7.517985	0.018671	0.5
247	-0.519896	6.253628	7.242133	0.014285	0.5
248	-0.554549	7.253628	6.985807	0.020135	0.5
249	-0.531129	6.305859	7.228280	0.012695	0.5
Time spent in resolution 2 (ITK initialization and iterating): 0.404 s.
Stopping condition: Maximum number of iterations has been reached.
Settings of AdaptiveStochasticGradientDescent in resolution 2:
( SP_a 197.374394 )
( SP_A 20.000000 )
( SP_alpha 1.000000 )
( SigmoidMax 1.000000 )
( SigmoidMin -0.947769 )
( SigmoidScale 0.000003 )



=============== start of TransformParameterFile ===============
(Transform "EulerTransform")
(NumberOfParameters 6)
(TransformParameters -0.009822 -0.004501 0.003163 -16.247558 9.958309 0.917145)
(InitialTransformParametersFileName "NoInitialTransform")
(UseBinaryFormatForTransformationParameters "false")
(HowToCombineTransforms "Compose")

// Image specific
(FixedImageDimension 3)
(MovingImageDimension 3)
(FixedInternalImagePixelType "float")
(MovingInternalImagePixelType "float")
(Size 78 418 418)
(Index 0 0 0)
(Spacing 1.0000000000 1.0000000000 1.0000000000)
(Origin 0.0000000000 0.0000000000 0.0000000000)
(Direction 1.0000000000 0.0000000000 0.0000000000 0.0000000000 1.0000000000 0.0000000000 0.0000000000 0.0000000000 1.0000000000)
(UseDirectionCosines "true")

// EulerTransform specific
(CenterOfRotationPoint 38.5000000000 208.5000000000 208.5000000000)
(ComputeZYX "false")

// ResampleInterpolator specific
(ResampleInterpolator "FinalBSplineInterpolator")
(FinalBSplineInterpolationOrder 4)

// Resampler specific
(Resampler "DefaultResampler")
(DefaultPixelValue 0.000000)
(ResultImageFormat "nii.gz")
(ResultImagePixelType "short")
(CompressResultImage "false")

=============== end of TransformParameterFile ===============

Creating the TransformParameterFile took 0.00s

Registration result checksum: 4235961545

Applying final transform ...
  Applying final transform took 1.09s

Final metric value  = -0.531129
Settings of AdaptiveStochasticGradientDescent for all resolutions:
( SP_a 523.485381 146.538445 197.374394 )
( SP_A 20.000000 20.000000 20.000000 )
( SP_alpha 1.000000 1.000000 1.000000 )
( SigmoidMax 1.000000 1.000000 1.000000 )
( SigmoidMin -0.263254 -0.947659 -0.947769 )
( SigmoidScale 0.000002 0.000006 0.000003 )

Time spent on saving the results, applying the final transform etc.: 1094 ms.
Running elastix with parameter file 0: "./parameters_Rigid.txt", has finished.


Current time: Thu Sep 10 20:56:26 2026.
Time used for running elastix with this parameter file:
  2.5s.

-------------------------------------------------------------------------

Total time elapsed: 2.6s.

